// Bun Snapshot v1, https://bun.sh/docs/test/snapshots

exports[`remaining '' conditional failure tests Error matches snapshot 1`] = `
{
  "expected": [
    "'a'",
  ],
  "pos": 0,
}
`;

exports[`remaining 'a' conditional success tests AST matches snapshot 1`] = `""`;

exports[`remaining 'aa' conditional success tests AST matches snapshot 1`] = `"a"`;

exports[`remaining 'aba' conditional success tests AST matches snapshot 1`] = `"ba"`;

exports[`remaining 'baba' conditional failure tests Error matches snapshot 1`] = `
{
  "expected": [
    "'a'",
  ],
  "pos": 0,
}
`;
