// Bun Snapshot v1, https://bun.sh/docs/test/snapshots

exports[`any '' conditional failure tests Error matches snapshot 1`] = `
{
  "expected": [
    "any character",
  ],
  "pos": 0,
}
`;

exports[`any 'a' conditional success tests AST matches snapshot 1`] = `"a"`;

exports[`any 'b' conditional success tests AST matches snapshot 1`] = `"b"`;

exports[`any ' ' conditional success tests AST matches snapshot 1`] = `" "`;

exports[`any '/n' conditional success tests AST matches snapshot 1`] = `"/n"`;
