// Bun Snapshot v1, https://bun.sh/docs/test/snapshots

exports[`sequence '' conditional failure tests Error matches snapshot 1`] = `
{
  "expected": [
    "a-m",
  ],
  "pos": 0,
}
`;

exports[`sequence 'a' conditional success tests AST matches snapshot 1`] = `"a"`;

exports[`sequence 'b' conditional success tests AST matches snapshot 1`] = `"b"`;

exports[`sequence 'm' conditional success tests AST matches snapshot 1`] = `"m"`;

exports[`sequence 'n' conditional failure tests Error matches snapshot 1`] = `
{
  "expected": [
    "a-m",
  ],
  "pos": 0,
}
`;

exports[`sequence 'z' conditional failure tests Error matches snapshot 1`] = `
{
  "expected": [
    "a-m",
  ],
  "pos": 0,
}
`;

exports[`sequence '#' conditional failure tests Error matches snapshot 1`] = `
{
  "expected": [
    "a-m",
  ],
  "pos": 0,
}
`;

exports[`sequence 'A' conditional failure tests Error matches snapshot 1`] = `
{
  "expected": [
    "a-m",
  ],
  "pos": 0,
}
`;

exports[`sequence 'B' conditional failure tests Error matches snapshot 1`] = `
{
  "expected": [
    "a-m",
  ],
  "pos": 0,
}
`;

exports[`sequence 'M' conditional failure tests Error matches snapshot 1`] = `
{
  "expected": [
    "a-m",
  ],
  "pos": 0,
}
`;

exports[`sequence 'N' conditional failure tests Error matches snapshot 1`] = `
{
  "expected": [
    "a-m",
  ],
  "pos": 0,
}
`;

exports[`sequence 'Z' conditional failure tests Error matches snapshot 1`] = `
{
  "expected": [
    "a-m",
  ],
  "pos": 0,
}
`;
