// Bun Snapshot v1, https://bun.sh/docs/test/snapshots

exports[`oneOf '' conditional failure tests Error matches snapshot 1`] = `
{
  "expected": [
    "one character of 'abc'",
  ],
  "pos": 0,
}
`;

exports[`oneOf 'a' conditional success tests AST matches snapshot 1`] = `"a"`;

exports[`oneOf 'b' conditional success tests AST matches snapshot 1`] = `"b"`;

exports[`oneOf 'c' conditional success tests AST matches snapshot 1`] = `"c"`;

exports[`oneOf 'afoo' conditional success tests AST matches snapshot 1`] = `"a"`;

exports[`oneOf 'foo' conditional failure tests Error matches snapshot 1`] = `
{
  "expected": [
    "one character of 'abc'",
  ],
  "pos": 0,
}
`;

exports[`manyOf '' conditional success tests AST matches snapshot 1`] = `""`;

exports[`manyOf 'a' conditional success tests AST matches snapshot 1`] = `"a"`;

exports[`manyOf 'b' conditional success tests AST matches snapshot 1`] = `"b"`;

exports[`manyOf 'c' conditional success tests AST matches snapshot 1`] = `"c"`;

exports[`manyOf 'aa' conditional success tests AST matches snapshot 1`] = `"aa"`;

exports[`manyOf 'abcabc' conditional success tests AST matches snapshot 1`] = `"abcabc"`;

exports[`manyOf 'afoo' conditional success tests AST matches snapshot 1`] = `"a"`;

exports[`manyOf 'bafoo' conditional success tests AST matches snapshot 1`] = `"ba"`;

exports[`manyOf 'foo' conditional success tests AST matches snapshot 1`] = `""`;
