// Bun Snapshot v1, https://bun.sh/docs/test/snapshots

exports[`sequence '' conditional success tests AST matches snapshot 1`] = `""`;

exports[`sequence 'a' conditional success tests AST matches snapshot 1`] = `"a"`;

exports[`sequence 'aa' conditional success tests AST matches snapshot 1`] = `"aa"`;

exports[`sequence 'aab' conditional success tests AST matches snapshot 1`] = `"aa"`;

exports[`sequence 'baa' conditional success tests AST matches snapshot 1`] = `""`;

exports[`sequence 'foo' conditional success tests AST matches snapshot 1`] = `""`;
