// Bun Snapshot v1, https://bun.sh/docs/test/snapshots

exports[`box '' conditional failure tests Error matches snapshot 1`] = `
{
  "expected": [
    "('this' as part of some error)",
  ],
  "pos": 0,
}
`;

exports[`box 'this' conditional success tests AST matches snapshot 1`] = `"this"`;

exports[`box 'foo' conditional failure tests Error matches snapshot 1`] = `
{
  "expected": [
    "('this' as part of some error)",
  ],
  "pos": 0,
}
`;
