// Bun Snapshot v1, https://bun.sh/docs/test/snapshots

exports[`thenEof '' conditional failure tests Error matches snapshot 1`] = `
{
  "expected": [
    "'this'",
  ],
  "pos": 0,
}
`;

exports[`thenEof 'this' conditional success tests AST matches snapshot 1`] = `"this"`;

exports[`thenEof 'thisthat' conditional failure tests Error matches snapshot 1`] = `
{
  "expected": [
    "eof",
  ],
  "pos": 4,
}
`;

exports[`thenEof 'foo' conditional failure tests Error matches snapshot 1`] = `
{
  "expected": [
    "'this'",
  ],
  "pos": 0,
}
`;
